// Jest Snapshot v1, https://goo.gl/fbAQLP

exports[`AudioPlayer Component Test Presenter Renders 1`] = `
<div>
  <h2>
    My Custom Playlist
  </h2>
  <h3>
    Now playing: Test Audio
  </h3>
  <audio
    onCanPlay={undefined}
    onLoadedMetadata={[Function]}
  />
  <button
    disabled={true}
    id="play-pause-loading-button"
  >
    Loading ...
  </button>
  <button
    id="mute-button"
    onClick={[Function]}
  >
    Mute
  </button>
  <h3>
    Time Control
  </h3>
  <div />
  <div>
    0:00
  </div>
  <div>
    <div
      style={
        Object {
          "muiPrepared": true,
        }
      }
      value={0}
    >
      <span />
      <span />
      <div
        onBlur={[Function]}
        onFocus={[Function]}
        onKeyDown={[Function]}
        onMouseDown={[Function]}
        onMouseEnter={[Function]}
        onMouseLeave={[Function]}
        onMouseUp={[Function]}
        onTouchStart={[Function]}
        style={
          Object {
            "cursor": "default",
            "height": 18,
            "marginBottom": 48,
            "marginTop": 24,
            "muiPrepared": true,
            "position": "relative",
            "touchCallout": "none",
            "userSelect": "none",
            "width": "100%",
          }
        }
      >
        <div
          style={
            Object {
              "height": 2,
              "left": 0,
              "muiPrepared": true,
              "position": "absolute",
              "top": 8,
              "width": "100%",
            }
          }
        >
          <div
            style={
              Object {
                "[object Object]": 0,
                "backgroundColor": "#00bcd4",
                "height": "100%",
                "left": 0,
                "marginRight": 6,
                "muiPrepared": true,
                "position": "absolute",
                "transition": "margin 450ms cubic-bezier(0.23, 1, 0.32, 1) 0ms",
                "width": "calc(0%)",
              }
            }
          />
          <div
            style={
              Object {
                "[object Object]": 0,
                "backgroundColor": "#bdbdbd",
                "height": "100%",
                "marginLeft": 6,
                "muiPrepared": true,
                "position": "absolute",
                "right": 0,
                "transition": "margin 450ms cubic-bezier(0.23, 1, 0.32, 1) 0ms",
                "width": "calc(100%)",
              }
            }
          />
          <div
            style={
              Object {
                "backgroundClip": "padding-box",
                "backgroundColor": "#ffffff",
                "border": "2px solid #bdbdbd",
                "borderRadius": "50%",
                "boxShadow": "none",
                "boxSizing": "border-box",
                "cursor": "pointer",
                "height": 12,
                "left": "0%",
                "margin": "1px 0 0 0",
                "muiPrepared": true,
                "outline": "none",
                "overflow": "visible",
                "pointerEvents": "inherit",
                "position": "absolute",
                "top": 0,
                "transform": "translate(-50%, -50%)",
                "transition": "background 450ms cubic-bezier(0.23, 1, 0.32, 1) 0ms, border-color 450ms cubic-bezier(0.23, 1, 0.32, 1) 0ms, width 450ms cubic-bezier(0.23, 1, 0.32, 1) 0ms, height 450ms cubic-bezier(0.23, 1, 0.32, 1) 0ms",
                "width": 12,
                "zIndex": 1,
              }
            }
            tabIndex={0}
          >
            <div
              style={
                Object {
                  "height": 12,
                  "left": -2,
                  "muiPrepared": true,
                  "overflow": "visible",
                  "position": "absolute",
                  "top": -2,
                  "width": 12,
                }
              }
            />
          </div>
        </div>
      </div>
      <input
        max={1}
        min={0}
        name={undefined}
        required={true}
        step={0.01}
        type="hidden"
        value={0}
      />
    </div>
  </div>
  <h3>
    Volume Control
  </h3>
  <div
    style={
      Object {
        "muiPrepared": true,
      }
    }
    value={1}
  >
    <span />
    <span />
    <div
      onBlur={[Function]}
      onFocus={[Function]}
      onKeyDown={[Function]}
      onMouseDown={[Function]}
      onMouseEnter={[Function]}
      onMouseLeave={[Function]}
      onMouseUp={[Function]}
      onTouchStart={[Function]}
      style={
        Object {
          "cursor": "default",
          "height": 18,
          "marginBottom": 48,
          "marginTop": 24,
          "muiPrepared": true,
          "position": "relative",
          "touchCallout": "none",
          "userSelect": "none",
          "width": "100%",
        }
      }
    >
      <div
        style={
          Object {
            "height": 2,
            "left": 0,
            "muiPrepared": true,
            "position": "absolute",
            "top": 8,
            "width": "100%",
          }
        }
      >
        <div
          style={
            Object {
              "[object Object]": 0,
              "backgroundColor": "#00bcd4",
              "height": "100%",
              "left": 0,
              "marginRight": 6,
              "muiPrepared": true,
              "position": "absolute",
              "transition": "margin 450ms cubic-bezier(0.23, 1, 0.32, 1) 0ms",
              "width": "calc(100%)",
            }
          }
        />
        <div
          style={
            Object {
              "[object Object]": 0,
              "backgroundColor": "#bdbdbd",
              "height": "100%",
              "marginLeft": 6,
              "muiPrepared": true,
              "position": "absolute",
              "right": 0,
              "transition": "margin 450ms cubic-bezier(0.23, 1, 0.32, 1) 0ms",
              "width": "calc(0%)",
            }
          }
        />
        <div
          style={
            Object {
              "backgroundClip": "padding-box",
              "backgroundColor": "#00bcd4",
              "border": "0px solid transparent",
              "borderRadius": "50%",
              "boxSizing": "border-box",
              "cursor": "pointer",
              "height": 12,
              "left": "100%",
              "margin": "1px 0 0 0",
              "muiPrepared": true,
              "outline": "none",
              "overflow": "visible",
              "pointerEvents": "inherit",
              "position": "absolute",
              "top": 0,
              "transform": "translate(-50%, -50%)",
              "transition": "background 450ms cubic-bezier(0.23, 1, 0.32, 1) 0ms, border-color 450ms cubic-bezier(0.23, 1, 0.32, 1) 0ms, width 450ms cubic-bezier(0.23, 1, 0.32, 1) 0ms, height 450ms cubic-bezier(0.23, 1, 0.32, 1) 0ms",
              "width": 12,
              "zIndex": 1,
            }
          }
          tabIndex={0}
        >
          <div
            style={
              Object {
                "height": 12,
                "left": 0,
                "muiPrepared": true,
                "overflow": "visible",
                "position": "absolute",
                "top": 0,
                "width": 12,
              }
            }
          />
        </div>
      </div>
    </div>
    <input
      max={1}
      min={0}
      name={undefined}
      required={true}
      step={0.01}
      type="hidden"
      value={1}
    />
  </div>
</div>
`;
