// Jest Snapshot v1, https://goo.gl/fbAQLP

exports[`Playlist Component Presenter Renders 1`] = `
<p>
  Loading YOUR playlist
</p>
`;

exports[`Playlist Component Presenter Renders With Empty Data 1`] = `
<p>
  Loading YOUR playlist
</p>
`;
