// Jest Snapshot v1, https://goo.gl/fbAQLP

exports[`Time Scrubber Component Presenter Renders 1`] = `
<div>
  <input
    aria-label="Time Scrubber"
    className="AudioPlayer__scrubber___2VRHx"
    max={undefined}
    min={0}
    onInput={[Function]}
    onMouseUp={[Function]}
    type="range"
    value={0}
  />
</div>
`;
