// Jest Snapshot v1, https://goo.gl/fbAQLP

exports[`VolumeSlider Component Presenter Renders 1`] = `
<input
  aria-label="Volume"
  max={1}
  min={0}
  onChange={[Function]}
  onInput={[Function]}
  step={0.01}
  type="range"
  value={undefined}
/>
`;
