// Jest Snapshot v1, https://goo.gl/fbAQLP

exports[`Playlist Component Presenter Renders 1`] = `
<h1>
  Loading ...
</h1>
`;

exports[`Playlist Component Presenter Renders With Empty Data 1`] = `
<h1>
  Loading ...
</h1>
`;
